
Allocating common symbols
Common symbol       size              file

Kd_Large            0x4               ..\obj\main.o
Kp_Large            0x4               ..\obj\main.o
Kd_Medium           0x4               ..\obj\main.o
Kd_Small            0x4               ..\obj\main.o
Kp_Medium           0x4               ..\obj\main.o
Kp_Small            0x4               ..\obj\main.o
PWM_Initial         0x4               ..\obj\main.o

Discarded input sections

 .text          0x00000000        0x0 ..\obj\stm32f4xx_usart.o
 .data          0x00000000        0x0 ..\obj\stm32f4xx_usart.o
 .bss           0x00000000        0x0 ..\obj\stm32f4xx_usart.o
 .text.USART_DeInit
                0x00000000       0xd0 ..\obj\stm32f4xx_usart.o
 .text.USART_StructInit
                0x00000000       0x38 ..\obj\stm32f4xx_usart.o
 .text.USART_ClockInit
                0x00000000       0x54 ..\obj\stm32f4xx_usart.o
 .text.USART_ClockStructInit
                0x00000000       0x2c ..\obj\stm32f4xx_usart.o
 .text.USART_SetPrescaler
                0x00000000       0x38 ..\obj\stm32f4xx_usart.o
 .text.USART_OverSampling8Cmd
                0x00000000       0x44 ..\obj\stm32f4xx_usart.o
 .text.USART_OneBitMethodCmd
                0x00000000       0x40 ..\obj\stm32f4xx_usart.o
 .text.USART_SetAddress
                0x00000000       0x38 ..\obj\stm32f4xx_usart.o
 .text.USART_ReceiverWakeUpCmd
                0x00000000       0x40 ..\obj\stm32f4xx_usart.o
 .text.USART_WakeUpConfig
                0x00000000       0x38 ..\obj\stm32f4xx_usart.o
 .text.USART_LINBreakDetectLengthConfig
                0x00000000       0x38 ..\obj\stm32f4xx_usart.o
 .text.USART_LINCmd
                0x00000000       0x40 ..\obj\stm32f4xx_usart.o
 .text.USART_SendBreak
                0x00000000       0x24 ..\obj\stm32f4xx_usart.o
 .text.USART_HalfDuplexCmd
                0x00000000       0x40 ..\obj\stm32f4xx_usart.o
 .text.USART_SetGuardTime
                0x00000000       0x3c ..\obj\stm32f4xx_usart.o
 .text.USART_SmartCardCmd
                0x00000000       0x40 ..\obj\stm32f4xx_usart.o
 .text.USART_SmartCardNACKCmd
                0x00000000       0x40 ..\obj\stm32f4xx_usart.o
 .text.USART_IrDAConfig
                0x00000000       0x38 ..\obj\stm32f4xx_usart.o
 .text.USART_IrDACmd
                0x00000000       0x40 ..\obj\stm32f4xx_usart.o
 .text.USART_DMACmd
                0x00000000       0x48 ..\obj\stm32f4xx_usart.o
 .text.USART_ClearFlag
                0x00000000       0x20 ..\obj\stm32f4xx_usart.o
 .text.USART_GetITStatus
                0x00000000       0xb0 ..\obj\stm32f4xx_usart.o
 .text.USART_ClearITPendingBit
                0x00000000       0x38 ..\obj\stm32f4xx_usart.o
 .text          0x00000000        0x0 ..\obj\startup_stm32f4xx.o
 .data          0x00000000        0x0 ..\obj\startup_stm32f4xx.o
 .bss           0x00000000        0x0 ..\obj\startup_stm32f4xx.o
 .text          0x00000000        0x0 ..\obj\main.o
 .text          0x00000000        0x0 ..\obj\stm32f4xx_rcc.o
 .bss           0x00000000        0x0 ..\obj\stm32f4xx_rcc.o
 .text.RCC_DeInit
                0x00000000       0x50 ..\obj\stm32f4xx_rcc.o
 .text.RCC_HSEConfig
                0x00000000       0x24 ..\obj\stm32f4xx_rcc.o
 .text.RCC_WaitForHSEStartUp
                0x00000000       0x50 ..\obj\stm32f4xx_rcc.o
 .text.RCC_AdjustHSICalibrationValue
                0x00000000       0x3c ..\obj\stm32f4xx_rcc.o
 .text.RCC_HSICmd
                0x00000000       0x20 ..\obj\stm32f4xx_rcc.o
 .text.RCC_LSEConfig
                0x00000000       0x40 ..\obj\stm32f4xx_rcc.o
 .text.RCC_LSICmd
                0x00000000       0x20 ..\obj\stm32f4xx_rcc.o
 .text.RCC_PLLConfig
                0x00000000       0x3c ..\obj\stm32f4xx_rcc.o
 .text.RCC_PLLCmd
                0x00000000       0x20 ..\obj\stm32f4xx_rcc.o
 .text.RCC_PLLI2SConfig
                0x00000000       0x28 ..\obj\stm32f4xx_rcc.o
 .text.RCC_PLLI2SCmd
                0x00000000       0x20 ..\obj\stm32f4xx_rcc.o
 .text.RCC_ClockSecuritySystemCmd
                0x00000000       0x20 ..\obj\stm32f4xx_rcc.o
 .text.RCC_MCO1Config
                0x00000000       0x3c ..\obj\stm32f4xx_rcc.o
 .text.RCC_MCO2Config
                0x00000000       0x3c ..\obj\stm32f4xx_rcc.o
 .text.RCC_SYSCLKConfig
                0x00000000       0x38 ..\obj\stm32f4xx_rcc.o
 .text.RCC_GetSYSCLKSource
                0x00000000       0x20 ..\obj\stm32f4xx_rcc.o
 .text.RCC_HCLKConfig
                0x00000000       0x38 ..\obj\stm32f4xx_rcc.o
 .text.RCC_PCLK1Config
                0x00000000       0x38 ..\obj\stm32f4xx_rcc.o
 .text.RCC_PCLK2Config
                0x00000000       0x38 ..\obj\stm32f4xx_rcc.o
 .text.RCC_RTCCLKConfig
                0x00000000       0x5c ..\obj\stm32f4xx_rcc.o
 .text.RCC_RTCCLKCmd
                0x00000000       0x20 ..\obj\stm32f4xx_rcc.o
 .text.RCC_BackupResetCmd
                0x00000000       0x20 ..\obj\stm32f4xx_rcc.o
 .text.RCC_I2SCLKConfig
                0x00000000       0x1c ..\obj\stm32f4xx_rcc.o
 .text.RCC_AHB2PeriphClockCmd
                0x00000000       0x3c ..\obj\stm32f4xx_rcc.o
 .text.RCC_AHB3PeriphClockCmd
                0x00000000       0x3c ..\obj\stm32f4xx_rcc.o
 .text.RCC_APB2PeriphClockCmd
                0x00000000       0x3c ..\obj\stm32f4xx_rcc.o
 .text.RCC_AHB1PeriphResetCmd
                0x00000000       0x3c ..\obj\stm32f4xx_rcc.o
 .text.RCC_AHB2PeriphResetCmd
                0x00000000       0x3c ..\obj\stm32f4xx_rcc.o
 .text.RCC_AHB3PeriphResetCmd
                0x00000000       0x3c ..\obj\stm32f4xx_rcc.o
 .text.RCC_APB1PeriphResetCmd
                0x00000000       0x3c ..\obj\stm32f4xx_rcc.o
 .text.RCC_APB2PeriphResetCmd
                0x00000000       0x3c ..\obj\stm32f4xx_rcc.o
 .text.RCC_AHB1PeriphClockLPModeCmd
                0x00000000       0x3c ..\obj\stm32f4xx_rcc.o
 .text.RCC_AHB2PeriphClockLPModeCmd
                0x00000000       0x3c ..\obj\stm32f4xx_rcc.o
 .text.RCC_AHB3PeriphClockLPModeCmd
                0x00000000       0x3c ..\obj\stm32f4xx_rcc.o
 .text.RCC_APB1PeriphClockLPModeCmd
                0x00000000       0x3c ..\obj\stm32f4xx_rcc.o
 .text.RCC_APB2PeriphClockLPModeCmd
                0x00000000       0x3c ..\obj\stm32f4xx_rcc.o
 .text.RCC_ITConfig
                0x00000000       0x48 ..\obj\stm32f4xx_rcc.o
 .text.RCC_GetFlagStatus
                0x00000000       0x74 ..\obj\stm32f4xx_rcc.o
 .text.RCC_ClearFlag
                0x00000000       0x1c ..\obj\stm32f4xx_rcc.o
 .text.RCC_GetITStatus
                0x00000000       0x38 ..\obj\stm32f4xx_rcc.o
 .text.RCC_ClearITPendingBit
                0x00000000       0x20 ..\obj\stm32f4xx_rcc.o
 .text          0x00000000        0x0 ..\obj\stm32f4xx_gpio.o
 .data          0x00000000        0x0 ..\obj\stm32f4xx_gpio.o
 .bss           0x00000000        0x0 ..\obj\stm32f4xx_gpio.o
 .text.GPIO_DeInit
                0x00000000      0x120 ..\obj\stm32f4xx_gpio.o
 .text.GPIO_StructInit
                0x00000000       0x34 ..\obj\stm32f4xx_gpio.o
 .text.GPIO_PinLockConfig
                0x00000000       0x44 ..\obj\stm32f4xx_gpio.o
 .text.GPIO_ReadInputDataBit
                0x00000000       0x34 ..\obj\stm32f4xx_gpio.o
 .text.GPIO_ReadInputData
                0x00000000       0x1c ..\obj\stm32f4xx_gpio.o
 .text.GPIO_ReadOutputDataBit
                0x00000000       0x34 ..\obj\stm32f4xx_gpio.o
 .text.GPIO_ReadOutputData
                0x00000000       0x1c ..\obj\stm32f4xx_gpio.o
 .text.GPIO_WriteBit
                0x00000000       0x30 ..\obj\stm32f4xx_gpio.o
 .text.GPIO_Write
                0x00000000       0x1c ..\obj\stm32f4xx_gpio.o
 .text.GPIO_ToggleBits
                0x00000000       0x24 ..\obj\stm32f4xx_gpio.o
 .text          0x00000000        0x0 ..\obj\system_stm32f4xx.o
 .data          0x00000000       0x14 ..\obj\system_stm32f4xx.o
 .bss           0x00000000        0x0 ..\obj\system_stm32f4xx.o
 .text.SystemInit
                0x00000000       0x58 ..\obj\system_stm32f4xx.o
 .text.SystemCoreClockUpdate
                0x00000000       0xf8 ..\obj\system_stm32f4xx.o
 .text.SetSysClock
                0x00000000       0xf4 ..\obj\system_stm32f4xx.o
 .debug_info    0x00000000      0x566 ..\obj\system_stm32f4xx.o
 .debug_abbrev  0x00000000      0x136 ..\obj\system_stm32f4xx.o
 .debug_aranges
                0x00000000       0x30 ..\obj\system_stm32f4xx.o
 .debug_ranges  0x00000000       0x20 ..\obj\system_stm32f4xx.o
 .debug_line    0x00000000      0x165 ..\obj\system_stm32f4xx.o
 .debug_str     0x00000000      0x37c ..\obj\system_stm32f4xx.o
 .comment       0x00000000       0x71 ..\obj\system_stm32f4xx.o
 .ARM.attributes
                0x00000000       0x33 ..\obj\system_stm32f4xx.o
 .debug_frame   0x00000000       0x64 ..\obj\system_stm32f4xx.o
 .text          0x00000000        0x0 ..\obj\stm32f4xx_exti.o
 .data          0x00000000        0x0 ..\obj\stm32f4xx_exti.o
 .bss           0x00000000        0x0 ..\obj\stm32f4xx_exti.o
 .text.EXTI_DeInit
                0x00000000       0x34 ..\obj\stm32f4xx_exti.o
 .text.EXTI_Init
                0x00000000       0xdc ..\obj\stm32f4xx_exti.o
 .text.EXTI_StructInit
                0x00000000       0x2c ..\obj\stm32f4xx_exti.o
 .text.EXTI_GenerateSWInterrupt
                0x00000000       0x24 ..\obj\stm32f4xx_exti.o
 .text.EXTI_GetFlagStatus
                0x00000000       0x34 ..\obj\stm32f4xx_exti.o
 .text.EXTI_ClearFlag
                0x00000000       0x1c ..\obj\stm32f4xx_exti.o
 .text.EXTI_GetITStatus
                0x00000000       0x48 ..\obj\stm32f4xx_exti.o
 .text.EXTI_ClearITPendingBit
                0x00000000       0x1c ..\obj\stm32f4xx_exti.o
 .debug_info    0x00000000      0x331 ..\obj\stm32f4xx_exti.o
 .debug_abbrev  0x00000000      0x1a5 ..\obj\stm32f4xx_exti.o
 .debug_aranges
                0x00000000       0x58 ..\obj\stm32f4xx_exti.o
 .debug_ranges  0x00000000       0x48 ..\obj\stm32f4xx_exti.o
 .debug_line    0x00000000      0x21b ..\obj\stm32f4xx_exti.o
 .debug_str     0x00000000      0x340 ..\obj\stm32f4xx_exti.o
 .comment       0x00000000       0x71 ..\obj\stm32f4xx_exti.o
 .ARM.attributes
                0x00000000       0x33 ..\obj\stm32f4xx_exti.o
 .debug_frame   0x00000000       0xec ..\obj\stm32f4xx_exti.o
 .text          0x00000000        0x0 ..\obj\misc.o
 .data          0x00000000        0x0 ..\obj\misc.o
 .bss           0x00000000        0x0 ..\obj\misc.o
 .text.NVIC_PriorityGroupConfig
                0x00000000       0x24 ..\obj\misc.o
 .text.NVIC_SetVectorTable
                0x00000000       0x2c ..\obj\misc.o
 .text.NVIC_SystemLPConfig
                0x00000000       0x40 ..\obj\misc.o
 .text.SysTick_CLKSourceConfig
                0x00000000       0x38 ..\obj\misc.o

Memory Configuration

Name             Origin             Length             Attributes
rom              0x08000000         0x00100000         xr
ram              0x20000000         0x00020000         xrw
ram1             0x10000000         0x00010000         xrw
*default*        0x00000000         0xffffffff

Linker script and memory map

                0x20020000                _eram = 0x20020000

.text           0x08000000      0xfe0
 *(.isr_vector .isr_vector.*)
 .isr_vector    0x08000000      0x188 ..\obj\startup_stm32f4xx.o
                0x08000000                g_pfnVectors
 *(.text .text.* .gnu.linkonce.t.*)
 .text.USART_Init
                0x08000188      0x174 ..\obj\stm32f4xx_usart.o
                0x08000188                USART_Init
 .text.USART_Cmd
                0x080002fc       0x40 ..\obj\stm32f4xx_usart.o
                0x080002fc                USART_Cmd
 .text.USART_SendData
                0x0800033c       0x24 ..\obj\stm32f4xx_usart.o
                0x0800033c                USART_SendData
 .text.USART_ReceiveData
                0x08000360       0x20 ..\obj\stm32f4xx_usart.o
                0x08000360                USART_ReceiveData
 .text.USART_ITConfig
                0x08000380       0x90 ..\obj\stm32f4xx_usart.o
                0x08000380                USART_ITConfig
 .text.USART_GetFlagStatus
                0x08000410       0x38 ..\obj\stm32f4xx_usart.o
                0x08000410                USART_GetFlagStatus
 .text.Default_Reset_Handler
                0x08000448       0x5c ..\obj\startup_stm32f4xx.o
                0x08000448                Default_Reset_Handler
                0x08000448                Reset_Handler
 .text.Default_Handler
                0x080004a4        0x8 ..\obj\startup_stm32f4xx.o
                0x080004a4                RTC_Alarm_IRQHandler
                0x080004a4                HASH_RNG_IRQHandler
                0x080004a4                EXTI2_IRQHandler
                0x080004a4                TIM8_CC_IRQHandler
                0x080004a4                DebugMon_Handler
                0x080004a4                TIM1_CC_IRQHandler
                0x080004a4                DMA2_Stream5_IRQHandler
                0x080004a4                HardFault_Handler
                0x080004a4                DMA1_Stream5_IRQHandler
                0x080004a4                SysTick_Handler
                0x080004a4                PVD_IRQHandler
                0x080004a4                SDIO_IRQHandler
                0x080004a4                TAMP_STAMP_IRQHandler
                0x080004a4                PendSV_Handler
                0x080004a4                NMI_Handler
                0x080004a4                CAN2_RX1_IRQHandler
                0x080004a4                EXTI3_IRQHandler
                0x080004a4                TIM8_TRG_COM_TIM14_IRQHandler
                0x080004a4                TIM1_UP_TIM10_IRQHandler
                0x080004a4                TIM8_UP_TIM13_IRQHandler
                0x080004a4                I2C3_ER_IRQHandler
                0x080004a4                EXTI0_IRQHandler
                0x080004a4                I2C2_EV_IRQHandler
                0x080004a4                DMA1_Stream2_IRQHandler
                0x080004a4                CAN1_RX0_IRQHandler
                0x080004a4                FPU_IRQHandler
                0x080004a4                OTG_HS_WKUP_IRQHandler
                0x080004a4                UsageFault_Handler
                0x080004a4                CAN2_SCE_IRQHandler
                0x080004a4                DMA2_Stream2_IRQHandler
                0x080004a4                SPI1_IRQHandler
                0x080004a4                TIM6_DAC_IRQHandler
                0x080004a4                TIM1_BRK_TIM9_IRQHandler
                0x080004a4                DCMI_IRQHandler
                0x080004a4                CAN2_RX0_IRQHandler
                0x080004a4                DMA2_Stream3_IRQHandler
                0x080004a4                USART6_IRQHandler
                0x080004a4                USART3_IRQHandler
                0x080004a4                CRYP_IRQHandler
                0x080004a4                CAN1_RX1_IRQHandler
                0x080004a4                UART5_IRQHandler
                0x080004a4                DMA2_Stream0_IRQHandler
                0x080004a4                TIM4_IRQHandler
                0x080004a4                I2C1_EV_IRQHandler
                0x080004a4                DMA1_Stream6_IRQHandler
                0x080004a4                DMA1_Stream1_IRQHandler
                0x080004a4                TIM3_IRQHandler
                0x080004a4                RCC_IRQHandler
                0x080004a4                TIM8_BRK_TIM12_IRQHandler
                0x080004a4                EXTI15_10_IRQHandler
                0x080004a4                ADC_IRQHandler
                0x080004a4                DMA1_Stream7_IRQHandler
                0x080004a4                TIM7_IRQHandler
                0x080004a4                CAN2_TX_IRQHandler
                0x080004a4                TIM5_IRQHandler
                0x080004a4                DMA2_Stream7_IRQHandler
                0x080004a4                I2C3_EV_IRQHandler
                0x080004a4                EXTI9_5_IRQHandler
                0x080004a4                RTC_WKUP_IRQHandler
                0x080004a4                ETH_WKUP_IRQHandler
                0x080004a4                SPI2_IRQHandler
                0x080004a4                OTG_HS_EP1_IN_IRQHandler
                0x080004a4                MemManage_Handler
                0x080004a4                DMA1_Stream0_IRQHandler
                0x080004a4                CAN1_TX_IRQHandler
                0x080004a4                SVC_Handler
                0x080004a4                EXTI4_IRQHandler
                0x080004a4                FSMC_IRQHandler
                0x080004a4                ETH_IRQHandler
                0x080004a4                OTG_HS_EP1_OUT_IRQHandler
                0x080004a4                WWDG_IRQHandler
                0x080004a4                TIM2_IRQHandler
                0x080004a4                OTG_FS_WKUP_IRQHandler
                0x080004a4                TIM1_TRG_COM_TIM11_IRQHandler
                0x080004a4                OTG_HS_IRQHandler
                0x080004a4                EXTI1_IRQHandler
                0x080004a4                USART2_IRQHandler
                0x080004a4                I2C2_ER_IRQHandler
                0x080004a4                DMA2_Stream1_IRQHandler
                0x080004a4                CAN1_SCE_IRQHandler
                0x080004a4                FLASH_IRQHandler
                0x080004a4                DMA2_Stream4_IRQHandler
                0x080004a4                BusFault_Handler
                0x080004a4                USART1_IRQHandler
                0x080004a4                OTG_FS_IRQHandler
                0x080004a4                SPI3_IRQHandler
                0x080004a4                DMA1_Stream4_IRQHandler
                0x080004a4                I2C1_ER_IRQHandler
                0x080004a4                DMA2_Stream6_IRQHandler
                0x080004a4                DMA1_Stream3_IRQHandler
 .text.min      0x080004ac       0x24 ..\obj\main.o
                0x080004ac                min
 .text.max      0x080004d0       0x24 ..\obj\main.o
                0x080004d0                max
 .text.Initialise_LED
                0x080004f4       0x40 ..\obj\main.o
                0x080004f4                Initialise_LED
 .text.Initialise_UART
                0x08000534       0x90 ..\obj\main.o
                0x08000534                Initialise_UART
 .text.Initialise_NVIC
                0x080005c4       0x24 ..\obj\main.o
                0x080005c4                Initialise_NVIC
 .text.Compute_Error
                0x080005e8       0x44 ..\obj\main.o
                0x080005e8                Compute_Error
 .text.Error_Fuzzification
                0x0800062c      0x148 ..\obj\main.o
                0x0800062c                Error_Fuzzification
 .text.Create_Fuzzy_Matrix
                0x08000774       0xe8 ..\obj\main.o
                0x08000774                Create_Fuzzy_Matrix
 .text.Defuzzification
                0x0800085c      0x1a4 ..\obj\main.o
                0x0800085c                Defuzzification
 .text.Fuzzy_PID
                0x08000a00       0xbc ..\obj\main.o
                0x08000a00                Fuzzy_PID
 .text.UART4_IRQHandler
                0x08000abc       0x78 ..\obj\main.o
                0x08000abc                UART4_IRQHandler
 .text.main     0x08000b34       0x44 ..\obj\main.o
                0x08000b34                main
 .text.RCC_GetClocksFreq
                0x08000b78      0x154 ..\obj\stm32f4xx_rcc.o
                0x08000b78                RCC_GetClocksFreq
 .text.RCC_AHB1PeriphClockCmd
                0x08000ccc       0x3c ..\obj\stm32f4xx_rcc.o
                0x08000ccc                RCC_AHB1PeriphClockCmd
 .text.RCC_APB1PeriphClockCmd
                0x08000d08       0x3c ..\obj\stm32f4xx_rcc.o
                0x08000d08                RCC_APB1PeriphClockCmd
 .text.GPIO_Init
                0x08000d44      0x11c ..\obj\stm32f4xx_gpio.o
                0x08000d44                GPIO_Init
 .text.GPIO_SetBits
                0x08000e60       0x1c ..\obj\stm32f4xx_gpio.o
                0x08000e60                GPIO_SetBits
 .text.GPIO_ResetBits
                0x08000e7c       0x1c ..\obj\stm32f4xx_gpio.o
                0x08000e7c                GPIO_ResetBits
 .text.GPIO_PinAFConfig
                0x08000e98       0x8c ..\obj\stm32f4xx_gpio.o
                0x08000e98                GPIO_PinAFConfig
 .text.NVIC_Init
                0x08000f24       0xbc ..\obj\misc.o
                0x08000f24                NVIC_Init
 *(.glue_7t)
 .glue_7t       0x00000000        0x0 linker stubs
 *(.glue_7)
 .glue_7        0x00000000        0x0 linker stubs
 *(.rodata .rodata* .gnu.linkonce.r.*)

.vfp11_veneer   0x08000fe0        0x0
 .vfp11_veneer  0x00000000        0x0 linker stubs

.v4_bx          0x08000fe0        0x0
 .v4_bx         0x00000000        0x0 linker stubs

.iplt           0x08000fe0        0x0
 .iplt          0x00000000        0x0 ..\obj\stm32f4xx_usart.o

.rel.dyn        0x08000fe0        0x0
 .rel.iplt      0x00000000        0x0 ..\obj\stm32f4xx_usart.o

.ARM.extab
 *(.ARM.extab* .gnu.linkonce.armextab.*)
                0x08000fe0                __exidx_start = .

.ARM.exidx
 *(.ARM.exidx* .gnu.linkonce.armexidx.*)
                0x08000fe0                __exidx_end = .
                0x08000fe0                . = ALIGN (0x4)
                0x08000fe0                _etext = .
                0x08000fe0                _sidata = .

.data           0x20000000       0x34 load address 0x08000fe0
                0x20000000                _sdata = .
 *(.data .data.*)
 .data          0x20000000       0x24 ..\obj\main.o
                0x20000000                Target
                0x20000004                Set_Value
                0x20000008                Kp_Small_Val
                0x2000000c                Kp_Medium_Val
                0x20000010                Kp_Large_Val
                0x20000014                Kd_Small_Val
                0x20000018                Kd_Medium_Val
                0x2000001c                Kd_Large_Val
                0x20000020                Max_PWM
 .data          0x20000024       0x10 ..\obj\stm32f4xx_rcc.o
                0x20000034                . = ALIGN (0x4)
                0x20000034                _edata = .

.igot.plt       0x20000034        0x0 load address 0x08001014
 .igot.plt      0x00000000        0x0 ..\obj\stm32f4xx_usart.o

.bss            0x20000034       0x84 load address 0x08001014
                0x20000034                _sbss = .
 *(.bss .bss.*)
 .bss           0x20000034       0x68 ..\obj\main.o
                0x20000034                Ticks
                0x20000038                Prev_Error
                0x2000003c                Error
                0x20000040                D_Error
                0x20000044                PE
                0x20000048                NE
                0x2000004c                ZE
                0x20000050                PDE
                0x20000054                NDE
                0x20000058                ZDE
                0x2000005c                FM
                0x20000080                Kp_Num
                0x20000084                Kp_Den
                0x20000088                Kd_Num
                0x2000008c                Kd_Den
                0x20000090                Expected_PWM
                0x20000094                Fault
                0x20000098                PWM_Fuzzy
 *(COMMON)
 COMMON         0x2000009c       0x1c ..\obj\main.o
                0x2000009c                Kd_Large
                0x200000a0                Kp_Large
                0x200000a4                Kd_Medium
                0x200000a8                Kd_Small
                0x200000ac                Kp_Medium
                0x200000b0                Kp_Small
                0x200000b4                PWM_Initial
                0x200000b8                . = ALIGN (0x4)
                0x200000b8                _ebss = .

.co_stack       0x200000b8      0x800 load address 0x08001098
                0x200000b8                . = ALIGN (0x8)
 *(.co_stack .co_stack.*)
 .co_stack      0x200000b8      0x800 ..\obj\startup_stm32f4xx.o
                0x200000b8                pulStack
                0x200008b8                . = ALIGN (0x4)
                0x200008b8                _end = .
LOAD ..\obj\stm32f4xx_usart.o
LOAD ..\obj\startup_stm32f4xx.o
LOAD ..\obj\main.o
LOAD ..\obj\stm32f4xx_rcc.o
LOAD ..\obj\stm32f4xx_gpio.o
LOAD ..\obj\system_stm32f4xx.o
LOAD ..\obj\stm32f4xx_exti.o
LOAD ..\obj\misc.o
START GROUP
LOAD g:/krssg/gcc-arm-none-eabi/bin/../lib/gcc/arm-none-eabi/4.8.3/armv7e-m\libgcc.a
LOAD g:/krssg/gcc-arm-none-eabi/bin/../lib/gcc/arm-none-eabi/4.8.3/../../../../arm-none-eabi/lib/armv7e-m\libg.a
LOAD g:/krssg/gcc-arm-none-eabi/bin/../lib/gcc/arm-none-eabi/4.8.3/../../../../arm-none-eabi/lib/armv7e-m\libc.a
END GROUP
OUTPUT(Fuzzy_PID.elf elf32-littlearm)

.debug_info     0x00000000     0x2b7f
 .debug_info    0x00000000      0x996 ..\obj\stm32f4xx_usart.o
 .debug_info    0x00000996       0xed ..\obj\startup_stm32f4xx.o
 .debug_info    0x00000a83      0x9e9 ..\obj\main.o
 .debug_info    0x0000146c      0xc21 ..\obj\stm32f4xx_rcc.o
 .debug_info    0x0000208d      0x5d6 ..\obj\stm32f4xx_gpio.o
 .debug_info    0x00002663      0x51c ..\obj\misc.o

.debug_abbrev   0x00000000      0x890
 .debug_abbrev  0x00000000      0x155 ..\obj\stm32f4xx_usart.o
 .debug_abbrev  0x00000155       0xb0 ..\obj\startup_stm32f4xx.o
 .debug_abbrev  0x00000205      0x1c0 ..\obj\main.o
 .debug_abbrev  0x000003c5      0x1e3 ..\obj\stm32f4xx_rcc.o
 .debug_abbrev  0x000005a8      0x1a3 ..\obj\stm32f4xx_gpio.o
 .debug_abbrev  0x0000074b      0x145 ..\obj\misc.o

.debug_aranges  0x00000000      0x3e0
 .debug_aranges
                0x00000000      0x100 ..\obj\stm32f4xx_usart.o
 .debug_aranges
                0x00000100       0x28 ..\obj\startup_stm32f4xx.o
 .debug_aranges
                0x00000128       0x78 ..\obj\main.o
 .debug_aranges
                0x000001a0      0x178 ..\obj\stm32f4xx_rcc.o
 .debug_aranges
                0x00000318       0x88 ..\obj\stm32f4xx_gpio.o
 .debug_aranges
                0x000003a0       0x40 ..\obj\misc.o

.debug_ranges   0x00000000      0x380
 .debug_ranges  0x00000000       0xf0 ..\obj\stm32f4xx_usart.o
 .debug_ranges  0x000000f0       0x18 ..\obj\startup_stm32f4xx.o
 .debug_ranges  0x00000108       0x68 ..\obj\main.o
 .debug_ranges  0x00000170      0x168 ..\obj\stm32f4xx_rcc.o
 .debug_ranges  0x000002d8       0x78 ..\obj\stm32f4xx_gpio.o
 .debug_ranges  0x00000350       0x30 ..\obj\misc.o

.debug_line     0x00000000     0x1101
 .debug_line    0x00000000      0x418 ..\obj\stm32f4xx_usart.o
 .debug_line    0x00000418       0x9d ..\obj\startup_stm32f4xx.o
 .debug_line    0x000004b5      0x2cc ..\obj\main.o
 .debug_line    0x00000781      0x510 ..\obj\stm32f4xx_rcc.o
 .debug_line    0x00000c91      0x2b5 ..\obj\stm32f4xx_gpio.o
 .debug_line    0x00000f46      0x1bb ..\obj\misc.o

.debug_str      0x00000000     0x189e
 .debug_str     0x00000000      0x600 ..\obj\stm32f4xx_usart.o
                                0x661 (size before relaxing)
 .debug_str     0x00000600       0xac ..\obj\startup_stm32f4xx.o
                                0x143 (size before relaxing)
 .debug_str     0x000006ac      0x8e3 ..\obj\main.o
                                0xb28 (size before relaxing)
 .debug_str     0x00000f8f      0x5df ..\obj\stm32f4xx_rcc.o
                                0x822 (size before relaxing)
 .debug_str     0x0000156e      0x18f ..\obj\stm32f4xx_gpio.o
                                0x475 (size before relaxing)
 .debug_str     0x000016fd      0x1a1 ..\obj\misc.o
                                0x3ab (size before relaxing)

.comment        0x00000000       0x70
 .comment       0x00000000       0x70 ..\obj\stm32f4xx_usart.o
                                 0x71 (size before relaxing)
 .comment       0x00000000       0x71 ..\obj\startup_stm32f4xx.o
 .comment       0x00000000       0x71 ..\obj\main.o
 .comment       0x00000000       0x71 ..\obj\stm32f4xx_rcc.o
 .comment       0x00000000       0x71 ..\obj\stm32f4xx_gpio.o
 .comment       0x00000000       0x71 ..\obj\misc.o

.ARM.attributes
                0x00000000       0x33
 .ARM.attributes
                0x00000000       0x33 ..\obj\stm32f4xx_usart.o
 .ARM.attributes
                0x00000033       0x33 ..\obj\startup_stm32f4xx.o
 .ARM.attributes
                0x00000066       0x33 ..\obj\main.o
 .ARM.attributes
                0x00000099       0x33 ..\obj\stm32f4xx_rcc.o
 .ARM.attributes
                0x000000cc       0x33 ..\obj\stm32f4xx_gpio.o
 .ARM.attributes
                0x000000ff       0x33 ..\obj\misc.o

.debug_frame    0x00000000      0xc08
 .debug_frame   0x00000000      0x344 ..\obj\stm32f4xx_usart.o
 .debug_frame   0x00000344       0x48 ..\obj\startup_stm32f4xx.o
 .debug_frame   0x0000038c      0x16c ..\obj\main.o
 .debug_frame   0x000004f8      0x4d8 ..\obj\stm32f4xx_rcc.o
 .debug_frame   0x000009d0      0x19c ..\obj\stm32f4xx_gpio.o
 .debug_frame   0x00000b6c       0x9c ..\obj\misc.o
